C51 COMPILER V9.00   TEXT3                                                                 06/19/2014 21:06:34 PAGE 1   


C51 COMPILER V9.00, COMPILATION OF MODULE TEXT3
OBJECT MODULE PLACED IN Text3.OBJ
COMPILER INVOKED BY: D:\Keil\C51\BIN\C51.EXE Text3.c LARGE BROWSE INCDIR(..\delay;..\GUI;..\USER;..\ds18b20;..\tft;..\at
                    -24c04) DEBUG OBJECTEXTEND

line level    source

   1          
   2          
   3          #include  "stc12.h"
   4          #include  "gui.h"
   5          #include  "delay.h"
   6          #include  "tft.h"
   7          #include  "def.h"                         //宏定义 常用函数
   8          #include  "ds18b20.h"
   9          //#include  "crastal.h"
  10          
  11          
  12          
  13          //此数组 用于显示数字0-9    数字来着于 字符 zifu8x16.h
  14          uint asc[10]={48,49,50,51,52,53,54,55,56,57}; 
  15          
  16           unsigned int t=0;
  17          
  18          main()
  19          {               
  20   1               unsigned int x,y ;
  21   1              
  22   1              Lcd_Init();   //tft初始化
  23   1              LCD_CS =0;  //打开片选使能      
  24   1       //GUI_Clear(0xffff);   //清屏  
  25   1      
  26   1      /*==============人机界面绘制=================*/
  27   1              GUI_Clear(0);//清屏
  28   1      
  29   1              GUI_box(0,0,239,15,0x001f);
  30   1      
  31   1      //      GUI_sprintf_HZ(16, 0, 0x07ff,0x001f);//显示预定义汉字字符串     
  32   1          GUI_sprintf_hzstr16s(16,0,"新疆工程学院温度采集程序",Black,Cyan);
  33   1      
  34   1      
  35   1      /*===========================================*/
  36   1      TMOD=0x01;/*设置定时器0为工作方式1*/
  37   1      
  38   1              TH0=0x4c;/*T0重新置初值(25mS)*/
  39   1              TL0=0;
  40   1      
  41   1              ET0=1;/*开定时器0中断*/
  42   1              EA=1;/*开总中断*/
  43   1              TR0=1;/*启动定时器0*/
  44   1              
  45   1      ReadROM();
  46   1      Delay5ms();
*** WARNING C206 IN LINE 46 OF TEXT3.C: 'Delay5ms': missing function-prototype
  47   1      AT24C04_WritePage();
*** WARNING C206 IN LINE 47 OF TEXT3.C: 'AT24C04_WritePage': missing function-prototype
  48   1      Delay5ms();
  49   1      AT24C04_ReadPage();
*** WARNING C206 IN LINE 49 OF TEXT3.C: 'AT24C04_ReadPage': missing function-prototype
  50   1      Delay5ms();
  51   1      display00();
C51 COMPILER V9.00   TEXT3                                                                 06/19/2014 21:06:34 PAGE 2   

  52   1      while(1);
  53   1      }
*** WARNING C280 IN LINE 20 OF TEXT3.C: 'x': unreferenced local variable
*** WARNING C280 IN LINE 20 OF TEXT3.C: 'y': unreferenced local variable
  54          
  55          
  56          /*---中断服务程序---*/
  57          void Timer0_Routine(void) interrupt 1
  58          {
  59   1          int tp;/*寄存器定义*/
  60   1              unsigned int y;
  61   1              unsigned char a;
  62   1      //      unsigned int tp,y;/*寄存器定义*/
  63   1      //      unsigned char x;
  64   1      
  65   1      //      unsigned char a;
  66   1              TH0=0x4c;/*T0重新置初值(25mS)*/
  67   1              TL0=0;
  68   1              a++;
  69   1              if (a==40)/*已经发生40次中断了吗？*/
  70   1              {
  71   2                      a=0;/*是，1S时间到*/
  72   2                      
  73   2                      GUI_sprintf_chartodec(189,302,t,0xf800,0);/* 无符号字符型数以十进制形式显示*/
  74   2                      tp=read_temp();/*调用温度转换函数*/
  75   2                      if(tp>0x3fff) /*判断是否为负温，若是负温，前面显示负号*/
  76   2                      {      
  77   3                              GUI_sprintf_char(60,302, '-', 0xf800,0);/*是负温，前面显示负号*/
  78   3                              GUI_wrlval(107,302, tp&0x3fff,4,2,0xf800,0);/*写入要显示的长变量*/
  79   3                              tp=1000-tp&0x3fff;/*得到从负10度为起点的相对温度值*/
  80   3                      }
  81   2                      else
  82   2                      {      
  83   3                              GUI_sprintf_char(60,302, '+', 0xf800,0);/*是正温，前面显示正号*/
  84   3                              GUI_wrlval(107,302, tp&0x3fff,4,2,0xf800,0);/*写入要显示的长变量*/
  85   3                              tp=1000+tp&0x3fff;/*得到从负10度为起点的相对温度值*/
  86   3                      }
  87   2                      y=275-tp/20;/*计算打点位置*/
  88   2      
  89   2      
  90   2      
  91   2      //              x=28+t;
  92   2      //              GUI_Point(x, y, 0xffff);
  93   2      
  94   2      
  95   2      
  96   2      
  97   2                      /*第一次测量是不准确的，不予显示*/
  98   2                      if (tp<5000)
  99   2                      {
 100   3                              GUI_Point(t+28, y, 0xffff);//画点
 101   3                              t=t+1;
 102   3                              while(t==201);/*测量结束*/
 103   3                      }
 104   2                       
 105   2              }
 106   1      }
 107          
 108          
 109          
 110          
 111          
C51 COMPILER V9.00   TEXT3                                                                 06/19/2014 21:06:34 PAGE 3   

 112          
 113          
 114          
 115          
 116          
 117          
 118          /*
 119          GUI_sprintf_hzstr16s(20,50,"温度采集程序",Black,Cyan);
 120          GUI_sprintf_hzstr16s(20,66,"当前温度值",Black,White);
 121          GUI_sprintf_hzstr16s(101,66,":  . c",Black,White);
 122           while(1)
 123           {
 124           delayms(800);
 125            temperature=read_temp();                                //读取当前温度值 到temperature
 126          
 127                   GUI_sprintf_char(109,66,asc[temperature%1000/100],Red,White);     //显示当前温度值
 128                   GUI_sprintf_char(117,66,asc[temperature%100/10],Red,White);
 129                   GUI_sprintf_char(133,66,asc[temperature%10],Red,White);
 130           
 131           }
 132                  
 133                  
 134          }         
 135          */
 136          
 137          
 138          


MODULE INFORMATION:   STATIC OVERLAYABLE
   CODE SIZE        =    502    ----
   CONSTANT SIZE    =     25    ----
   XDATA SIZE       =     22       7
   PDATA SIZE       =   ----    ----
   DATA SIZE        =   ----    ----
   IDATA SIZE       =   ----    ----
   BIT SIZE         =   ----    ----
END OF MODULE INFORMATION.


C51 COMPILATION COMPLETE.  5 WARNING(S),  0 ERROR(S)
